// Jest Snapshot v1, https://goo.gl/fbAQLP

exports[`Test for the Comments Components should render component correctly 1`] = `ReactWrapper {}`;
