// Jest Snapshot v1, https://goo.gl/fbAQLP

exports[`Test for the Comment Component should render component correctly 1`] = `ReactWrapper {}`;
