// Jest Snapshot v1, https://goo.gl/fbAQLP

exports[`Tests for the DeleteCommentButton Component should component render correctly 1`] = `ReactWrapper {}`;
