// Jest Snapshot v1, https://goo.gl/fbAQLP

exports[`Tests for the EditCommentButton Component should component render correctly 1`] = `ReactWrapper {}`;
