// Jest Snapshot v1, https://goo.gl/fbAQLP

exports[`Tests for the EditCommentDashboard Component should render componenent correctly 1`] = `ReactWrapper {}`;
