// Jest Snapshot v1, https://goo.gl/fbAQLP

exports[`Test for the CastStoreButton Component  should component render correctly 1`] = `ReactWrapper {}`;
