// Jest Snapshot v1, https://goo.gl/fbAQLP

exports[`Test fot the Dashboard Component should render component correctly 1`] = `ShallowWrapper {}`;
