// Jest Snapshot v1, https://goo.gl/fbAQLP

exports[`Test for the Pagination Component without user entity should render component correctly 1`] = `ReactWrapper {}`;

exports[`Tests for the Pagination Component with user entity should render component correctly 1`] = `ReactWrapper {}`;
