// Jest Snapshot v1, https://goo.gl/fbAQLP

exports[`Test for the ChangeCredentials Component should render ChangeCredentials correctly 1`] = `ShallowWrapper {}`;
