// Jest Snapshot v1, https://goo.gl/fbAQLP

exports[`Test for the AuthButtons should render correctly 1`] = `ReactWrapper {}`;
