// Jest Snapshot v1, https://goo.gl/fbAQLP

exports[`Test for the ClearErrorButton should render correctly 1`] = `ShallowWrapper {}`;
