// Jest Snapshot v1, https://goo.gl/fbAQLP

exports[`Test click simulation on LoggedButton should render component correctly 1`] = `ReactWrapper {}`;
