// Jest Snapshot v1, https://goo.gl/fbAQLP

exports[`Test for the Register Component should render component correct 1`] = `ReactWrapper {}`;
