// Jest Snapshot v1, https://goo.gl/fbAQLP

exports[`Tests for the Home Component should render component correctly 1`] = `ShallowWrapper {}`;
