// Jest Snapshot v1, https://goo.gl/fbAQLP

exports[`Test navbar component should render correctly 1`] = `ReactWrapper {}`;
